/mnt/cache/fwupgrade # 
/mnt/cache/fwupgrade # 
/mnt/cache/fwupgrade # 
/mnt/cache/fwupgrade # ls -la
drwxr-xr-x    2 root     root           160 Sep 23 11:19 .
drwxr-xr-x    6 root     root          1480 Sep 23 11:28 ..
/mnt/cache/fwupgrade # 
/mnt/cache/fwupgrade # 
/mnt/cache/fwupgrade # 
/mnt/cache/fwupgrade # 
/mnt/cache/fwupgrade # Mon 09/23/19 04:31:34 [INFO] [CAM_HW]: (cam_temperature.c:203) get_temperature in app layer: 24.10
[ 9-23 11:31:48 ]host process is allive
Mon 09/23/19 04:31:54 [INFO] [MQTT]: (MQTTClient.c:245) Sending keepAlive packet
[Mon Sep 23 11:31:54 GMT-7 2019]Found FORCE fw upgrading
File name: 0335-03.30.26.sha512
Mon 09/23/19 04:31:54 [INFO] [MQTT]: (MQTTClient.c:404) Received PING RESP!!!
[Mon Sep 23 11:31:54 GMT-7 2019] 0335-03.30.26.sha512 OK !!!
Mon 09/23/19 04:32:04 [INFO] [CAM_HW]: (cam_temperature.c:203) get_temperature in app layer: 23.74

/mnt/cache/fwupgrade # 
/mnt/cache/fwupgrade # 
/mnt/cache/fwupgrade # ls
0335-03.30.26.sha512  hubble_ota_sig
/mnt/cache/fwupgrade # ls -la
drwxr-xr-x    2 root     root           312 Sep 23 11:31 .
drwxr-xr-x    6 root     root          1480 Sep 23 11:28 ..
-rw-r--r--    1 root     root           256 Sep 23 11:31 0335-03.30.26.sha512
-rw-r--r--    1 root     root            42 Sep 23 11:31 hubble_ota_sig
/mnt/cache/fwupgrade # Mon 09/23/19 04:32:34 [INFO] [CAM_HW]: (cam_temperature.c:203) get_temperature in app layer: 23.74
Mon 09/23/19 04:32:34 [INFO] [MQTT]: (MQTTClient.c:245) Sending keepAlive packet
Mon 09/23/19 04:32:35 [INFO] [MQTT]: (MQTTClient.c:404) Received PING RESP!!!
[Mon Sep 23 11:32:45 GMT-7 2019]Found FORCE fw upgrading
File name: 0335-03.30.26.fw.pkg
[ 9-23 11:32:48 ]host process is allive
[Mon Sep 23 11:32:48 GMT-7 2019] 0335-03.30.26.fw.pkg OK. Checking SIGNATURE!!
[Mon Sep 23 11:32:49 GMT-7 2019] Signature OK!! Stop OTA & start dowload process
Mon 09/23/19 04:33:04 [INFO] [CAM_HW]: (cam_temperature.c:203) get_temperature in app layer: 23.74
Starting to drop RAM cache ....
Mon 09/23/19 04:33:15 [INFO] [MQTT]: (MQTTClient.c:245) Sending keepAlive packet
Mon 09/23/19 04:33:15 [INFO] [MQTT]: (MQTTClient.c:404) Received PING RESP!!!
RAM cache dropping DONE!!!
Mon 09/23/19 04:33:24 [INFO] [CAM_HW]: (hw_temperature.c:210) Temperature offset: -24 with [SW Compensation: -24 Factory: 0 ]
Mon 09/23/19 04:33:34 [INFO] [CAM_HW]: (cam_temperature.c:203) get_temperature in app layer: 23.14
[ 9-23 11:33:48 ]host process is allive
Starting to drop RAM cache ....
RAM cache dropping DONE!!!
Mon 09/23/19 04:33:55 [INFO] [MQTT]: (MQTTClient.c:245) Sending keepAlive packet
Mon 09/23/19 04:33:56 [INFO] [MQTT]: (MQTTClient.c:404) Received PING RESP!!!
Mon 09/23/19 04:34:04 [INFO] [CAM_HW]: (cam_temperature.c:203) get_temperature in app layer: 23.14
Mon 09/23/19 04:34:34 [INFO] [CAM_HW]: (cam_temperature.c:203) get_temperature in app layer: 23.50
Mon 09/23/19 04:34:36 [INFO] [MQTT]: (MQTTClient.c:245) Sending keepAlive packet
Mon 09/23/19 04:34:37 [INFO] [MQTT]: (MQTTClient.c:404) Received PING RESP!!!
Starting to drop RAM cache ....
RAM cache dropping DONE!!!
[ 9-23 11:34:48 ]host process is allive
[Mon Sep 23 11:34:48 GMT-7 2019] Download 0335-03.30.26.fw.pkg DONE !!!. GOTO reboot and upgrade
Starting to drop RAM cache ....
RAM cache dropping DONE!!!
Mon 09/23/19 04:35:02 [DEBUG] [CAM_MEDIA]: (motiondtc_engine.c:1782) Not support state (5)
Run NTP apps with list of server
ntpd -n -q -p ntp.hubble.in
Mon 09/23/19 04:35:04 [INFO] [CAM_HW]: (cam_temperature.c:203) get_temperature in app layer: 23.50
Starting to drop RAM cache ....
RAM cache dropping DONE!!!
NTP with 'ntp.hubble.in' OK!!!
nna1hc, cam_media_manage is killed : call deinit gm_multimedia 
killall: mqtts_client: no process killed
Mon 09/23/19 04:35:15 [INFO] [CAM_HW]: (cam_network.c:890) Force restart mqtts_client
Mon 09/23/19 04:35:15 [INFO] [CAM_MEDIA]: (main.c:27) media_signal_handler: Signal(15)
Mon 09/23/19 04:35:15 [INFO] [CAM_MEDIA]: (main.c:143) [End] ************Cam Media manage************ 
Mon 09/23/19 04:35:15 [INFO] [CAM_HW]: (hubble_system.c:65) "killall -15 mqtts_client" return 256
Mon 09/23/19 04:35:16 [INFO] [CAM_MEDIA]: (hw_speaker.c:645) Close pipe_r success!!
Mon 09/23/19 04:35:16 [INFO] [CAM_MEDIA]: (hw_speaker.c:648) render_thread exit
Mon 09/23/19 04:35:16 [INFO] [CAM_MEDIA]: (cam_media_speaker.c:255) Speaker playing
Mon 09/23/19 04:35:16 [INFO] [CAM_MEDIA]: (sound_dtc_engine.c:66) Pause sound detection
Mon 09/23/19 04:35:16 [INFO] [CAM_MEDIA]: (hw_speaker.c:511) Close pipe_w success!!
Mon 09/23/19 04:35:16 [INFO] [CAM_MEDIA]: (hw_speaker.c:514) playback_thread exit
Mon 09/23/19 04:35:16 [INFO] [CAM_HW]: (hubble_system.c:72) "/usr/local/bin/app/mqtts_client &" return 0
Mon 09/23/19 04:35:16 [INFO] [CAM_MEDIA]: (hw_speaker.c:831) Close audio_fd success!!
Mon 09/23/19 04:35:16 [INFO] [CAM_MEDIA]: (com_hubble_dbus.c:213) Exit: dbus_mainloop(513)
Mon 09/23/19 04:35:16 [INFO] [MQTT]: (main.c:595) mqtts_client v2.0 start
Mon 09/23/19 04:35:16 [INFO] [MQTT]: (main.c:596) Current Task ID 6677
Mon 09/23/19 04:35:16 [ERROR] [MQTT]: (http_bridge.c:112) curl_easy_perform return error 7 Error
Mon 09/23/19 04:35:16 [ERROR] [MQTT]: (http_bridge.c:112) curl_easy_perform return error 7 Error
Mon 09/23/19 04:35:16 [ERROR] [MQTT]: (http_bridge.c:112) curl_easy_perform return error 7 Error
Mon 09/23/19 04:35:16 [ERROR] [MQTT]: (http_bridge.c:112) curl_easy_perform return error 7 Error
Mon 09/23/19 04:35:16 [INFO] [MQTT]: (main.c:691) ===Download certs===
Mon 09/23/19 04:35:16 [ERROR] [MQTT]: (http_bridge.c:112) curl_easy_perform return error 7 Error
Mon 09/23/19 04:35:16 [ERROR] [MQTT]: (http_bridge.c:112) curl_easy_perform return error 7 Error
Mon 09/23/19 04:35:16 [INFO] [MQTT]: (main.c:1185) All Certs file is valid no need to download, Copying CA File
Mon 09/23/19 04:35:16 [ERROR] [MQTT]: (pcwrapper.c:399) "cp /usr/local/etc/ca.crt /mnt/config/hubble_config/ca.crt" return 0
Mon 09/23/19 04:35:16 [ERROR] [MQTT]: (pcwrapper.c:399) "cp /usr/local/etc/client.crt /mnt/config/hubble_config/client.crt" return 0
Mon 09/23/19 04:35:16 [ERROR] [MQTT]: (pcwrapper.c:399) "cp /usr/local/etc/client.key /mnt/config/hubble_config/client.key" return 0
Mon 09/23/19 04:35:16 [INFO] [MQTT]: (main.c:736) ====MQTTs take cert link===
Mon 09/23/19 04:35:16 [ERROR] [MQTT]: (pcwrapper.c:355) ERROR USE WRONG KEY NOT SUPPORT 'authen.serverURI'
Mon 09/23/19 04:35:16 [ERROR] [MQTT]: (http_bridge.c:112) curl_easy_perform return error 7 Error
Mon 09/23/19 04:35:16 [INFO] [MQTT]: (main.c:994) __________[ToanTM][NU]API Server 
Mon 09/23/19 04:35:16 [ERROR] [MQTT]: (http_bridge.c:112) curl_easy_perform return error 7 Error
Mon 09/23/19 04:35:16 [ERROR] [MQTT]: (http_bridge.c:112) curl_easy_perform return error 7 Error
Mon 09/23/19 04:35:17 [ERROR] [MQTT]: (https_client.c:189) mbedtls_net_connect failed - Return code(-82)
Mon 09/23/19 04:35:17 [ERROR] [MQTT]: (https_client.c:191) mbedtls_net_connect failed - Reason: NET - Failed to get an IP address for the given hostname
Mon 09/23/19 04:35:17 [INFO] [MQTT]: (main.c:1019) nxcHubbleMQTTbroker: response ()
Mon 09/23/19 04:35:17 [ERROR] [MQTT]: (main.c:1022) Failed to download MQTT's URL, return code -2: ''
Mon 09/23/19 04:35:17 [INFO] [MQTT]: (hubble_server_api.c:225) Check for network connection at main.c, Function: nxcHubbleMQTTbroker, Line: 1024
Mon 09/23/19 04:35:17 [INFO] [MQTT]: (hubble_server_api.c:231) SUCCESS Ping to server: ping.hubble.in
Mon 09/23/19 04:35:17 [INFO] [MQTT]: (hubble_server_api.c:197) Wait for network connection at main.c, Function: main, Line: 772
Mon 09/23/19 04:35:17 [INFO] [MQTT]: (hubble_server_api.c:231) SUCCESS Ping to server: ping.hubble.in
Mon 09/23/19 04:35:20 [ERROR] [MQTT]: (pcwrapper.c:355) ERROR USE WRONG KEY NOT SUPPORT 'authen.serverURI'
Mon 09/23/19 04:35:20 [ERROR] [MQTT]: (http_bridge.c:112) curl_easy_perform return error 7 Error
Mon 09/23/19 04:35:20 [INFO] [MQTT]: (main.c:994) __________[ToanTM][NU]API Server 
Mon 09/23/19 04:35:20 [ERROR] [MQTT]: (http_bridge.c:112) curl_easy_perform return error 7 Error
Mon 09/23/19 04:35:20 [ERROR] [MQTT]: (http_bridge.c:112) curl_easy_perform return error 7 Error
Mon 09/23/19 04:35:20 [ERROR] [MQTT]: (https_client.c:189) mbedtls_net_connect failed - Return code(-82)
Mon 09/23/19 04:35:20 [ERROR] [MQTT]: (https_client.c:191) mbedtls_net_connect failed - Reason: NET - Failed to get an IP address for the given hostname
Mon 09/23/19 04:35:20 [INFO] [MQTT]: (main.c:1019) nxcHubbleMQTTbroker: response ()
Mon 09/23/19 04:35:20 [ERROR] [MQTT]: (main.c:1022) Failed to download MQTT's URL, return code -2: ''
Mon 09/23/19 04:35:20 [INFO] [MQTT]: (hubble_server_api.c:225) Check for network connection at main.c, Function: nxcHubbleMQTTbroker, Line: 1024
Mon 09/23/19 04:35:21 [INFO] [MQTT]: (hubble_server_api.c:231) SUCCESS Ping to server: ping.hubble.in
Mon 09/23/19 04:35:21 [INFO] [MQTT]: (hubble_server_api.c:197) Wait for network connection at main.c, Function: main, Line: 772
Mon 09/23/19 04:35:21 [INFO] [MQTT]: (hubble_server_api.c:231) SUCCESS Ping to server: ping.hubble.in
Restarting system.
0GM8135S go.��mode 4
SPI NAND ID code:0xc8 0xd1 0xc8
MP SPI-NAND Bootstrap HubbleGM8135s v0.1
Boot image offset: 0x40000. size: 0x60000. Load Image and Booting .....


U-Boot 2013.01 (Dec 10 2018 - 11:44:12)

I2C:   ready
GPIO:   reg:90c000b8=ffefb77e
reg:90c00028=2015020
reg:90c000b8=ffecb77e
reg:90c0005c=0
ready
DRAM:  64 MiB
ROM CODE has enable I cache
SPI NAND mode

NAND:  SPI020 div 8
ID = 0xc8,0xd1,0xc8,0xd1
128 MiB
nna1hc: readenv at CONFIG_ENV_OFFSET = 0x80000 
nna1hc: env_import env_crc[] = 0x3 0xb6 0x8b 0xa1 
nna1hc: env_import env_data[] = boot... 
## Error: flags type check failure for "ethaddr" <= "00 : 42 : 70 : 00 : 30 : 22" (type: m)
himport_r: can't insert "ethaddr=00 : 42 : 70 : 00 : 30 : 22" into hash table
In:    serial
Out:   serial
Err:   serial

-------------------------------
ID: 8136110
AC: 200  HC: 200  P1: 712  P2: 600  P3: 540
C6: 712  DR: 950
J: 237   H1: 237
-------------------------------
Net:   No ethernet found.
UBOOT: FIXED MISMATCH ENV VARIABLE v2.6
Hit any key to stop autoboot:  0 
Normal U-boot loading

NAND read: image addr = 0xa0000, size = 0x200000
device 0 offset 0xa0000, size 0x200000
 2097152 bytes read: OK
## Booting kernel from Legacy Image at 02000000 ...
   Image Name:   gm8135
   Image Type:   ARM Linux Kernel Image (uncompressed)
   Data Size:    1914424 Bytes = 1.8 MiB
   Load Address: 02000000
   Entry Point:  02000040
   Verifying Checksum ... OK
   XIP Kernel Image ... OK
OK
Not define this ID
: mem=64M gmmem=30M console=ttyS0,115200 user_debug=31 init=/squashfs_init ubi.mtd=4 root=ubi0:rootfs rootfstype=ubifs

Starting kernel ...

Uncompressing Linux... done, booting the kernel.
Booting Linux on physical CPU 0
Linux version 3.3.0 (giann@giann) (gcc version 4.4.0 20100318 (experimental) (Buildroot 2012.02) ) #1 PREEMPT Thu Oct 25 16:31:01 +07 2018
CPU: FA6 [66056263] revision 3 (ARMv5TE), cr=0000397f
CPU VIPT aliasing data cache, VIPT aliasing instruction cache
Machine: Grain-Media GM8136 series
Memory policy: ECC disabled, Data cache writeback
Built 1 zonelists in Zone order, mobility grouping on.  Total pages: 16256
Kernel command line: mem=64M gmmem=30M console=ttyS0,115200 user_debug=31 init=/squashfs_init ubi.mtd=4 root=ubi0:rootfs rootfstype=ubifs
PID hash table entries: 256 (order: -2, 1024 bytes)
Dentry cache hash table entries: 8192 (order: 3, 32768 bytes)
Inode-cache hash table entries: 4096 (order: 2, 16384 bytes)
Memory: 64MB = 64MB total
Memory: 61180k/61180k available, 4356k reserved, 0K highmem
Virtual kernel memory layout:
    vector  : 0xffff0000 - 0xffff1000   (   4 kB)
    fixmap  : 0xfff00000 - 0xfffe0000   ( 896 kB)
    vmalloc : 0x84800000 - 0xff000000   (1960 MB)
    lowmem  : 0x80000000 - 0x84000000   (  64 MB)
    modules : 0x7f000000 - 0x80000000   (  16 MB)
      .text : 0x80008000 - 0x80366a24   (3451 kB)
      .init : 0x80367000 - 0x8037f000   (  96 kB)
      .data : 0x80380000 - 0x8039b060   ( 109 kB)
       .bss : 0x8039b084 - 0x803a80d0   (  53 kB)
NR_IRQS:64
gm_jiffies_init, system HZ: 100, pClk: 100000000 
console [ttyS0] enabled
Calibrating delay loop... 709.42 BogoMIPS (lpj=3547136)
pid_max: default: 32768 minimum: 301
Mount-cache hash table entries: 512
CPU: Testing write buffer coherency: ok
Setting up static identity map for 0x294350 - 0x294398
devtmpfs: initialized
FMEM: 7680 pages(0x1e00000 bytes) from bank0 are reserved for Frammap. 
FMEM: Logical memory ends up at 0x84000000, init_mm:0x80004000(0x4000), PAGE_OFFSET:0x80000000(0x0), 
FMEM: FA726 Test and Debug Register: 0x0 
NET: Registered protocol family 16
PMU: Mapped at 0xfe000000 
IC: GM8135, version: 0x1 
FMEM Idle Process Up. 
iotable: VA: 0xfe000000, PA: 0x90c00000, Length: 4096 
iotable: VA: 0xfe001000, PA: 0x90700000, Length: 4096 
iotable: VA: 0xfe002000, PA: 0x90800000, Length: 4096 
iotable: VA: 0xfe003000, PA: 0x90900000, Length: 4096 
iotable: VA: 0xfe004000, PA: 0x90d00000, Length: 4096 
iotable: VA: 0xfe005000, PA: 0x96000000, Length: 4096 
bio: create slab <bio-0> at 0
usbcore: registered new interface driver usbfs
usbcore: registered new interface driver hub
usbcore: registered new device driver usb
Switching to clocksource fttmr010:1
cfg80211: Calling CRDA to update world regulatory domain
NET: Registered protocol family 2
IP route cache hash table entries: 1024 (order: 0, 4096 bytes)
TCP established hash table entries: 2048 (order: 2, 16384 bytes)
TCP bind hash table entries: 2048 (order: 1, 8192 bytes)
TCP: Hash tables configured (established 2048 bind 2048)
TCP reno registered
UDP hash table entries: 256 (order: 0, 4096 bytes)
UDP-Lite hash table entries: 256 (order: 0, 4096 bytes)
NET: Registered protocol family 1
Video Timer(timer3) Max 42000ms in 0xfa56ea00 HZ.
ftdmac020 ftdmac020.0: DMA engine driver: irq 1, mapped at 0x84804000
GM CPU frequency driver
CPUFREQ support for gm initialized
squashfs: version 4.0 (2009/01/31) Phillip Lougher
msgmni has been set to 119
io scheduler noop registered
io scheduler deadline registered
io scheduler cfq registered (default)
gpiochip_add: registered GPIOs 0 to 31 on device: ftgpio010.0
probe ftgpio010.0 OK, at 0x84806000
gpiochip_add: registered GPIOs 32 to 63 on device: ftgpio010.1
probe ftgpio010.1 OK, at 0x84808000
Serial: 8250/16550 driver, 4 ports, IRQ sharing disabled
serial8250: ttyS0 at I/O 0xfe001000 (irq = 21) is a 16550A
serial8250: ttyS1 at I/O 0xfe002000 (irq = 22) is a 16550A
serial8250: ttyS2 at I/O 0xfe003000 (irq = 25) is a 16550A
brd: module loaded
loop: module loaded
SPI-NAND reg mapping to addr = 0x8480a000, phy = 0x92300000
NAND data port mapping to addr = 0x8480a100
CLK scu div 6, spi div 1, clock = 21428571Hz
NAND: Scan Channel 0...
NAND device: Manufacturer ID: 0xc8, Chip ID: 0xd1 (SPI-NAND NAND 128MiB 3,3V 8-bit)
NAND: Scan Channel finish, chipnum = 1
use AHB DMA mode
Nand get DMA channel 0
NAND: read system header
Hubble: Avaliable OOB is 48 byte.
NAND Chip: oobsize:0x40, pagesize:0x800, blocksize:0x20000, chipsize:0x8000000
Scanning device for bad blocks
Bad eraseblock 1023 at 0x000007fe0000
Creating 10 MTD partitions on "NAND 128MiB 3,3V 8-bit":
0x000000020000-0x000000040000 : "NSBOOT"
0x000000040000-0x0000000a0000 : "UB.0006"
0x0000000a0000-0x0000002a0000 : "KE.0002"
0x000000300000-0x000000600000 : "RE.0004"
0x000000600000-0x000000d00000 : "RO.0004"
0x000000d00000-0x000002100000 : "APPS"
0x000002100000-0x000002400000 : "CONFIG"
0x000002400000-0x000002700000 : "FACTORY"
0x000002700000-0x000002f00000 : "AU.0001"
0x000002f00000-0x000007e00000 : "CACHE"
UBI: attaching mtd4 to ubi0
UBI: physical eraseblock size:   131072 bytes (128 KiB)
UBI: logical eraseblock size:    126976 bytes
UBI: smallest flash I/O unit:    2048
UBI: VID header offset:          2048 (aligned 2048)
UBI: data offset:                4096
UBI: max. sequence number:       96
UBI: attached mtd4 to ubi0
UBI: MTD device name:            "RO.0004"
UBI: MTD device size:            7 MiB
UBI: number of good PEBs:        56
UBI: number of bad PEBs:         0
UBI: number of corrupted PEBs:   0
UBI: max. allowed volumes:       128
UBI: wear-leveling threshold:    4096
UBI: number of internal volumes: 1
UBI: number of user volumes:     1
UBI: available PEBs:             0
UBI: total number of reserved PEBs: 56
UBI: number of PEBs reserved for bad PEB handling: 2
UBI: max/mean erase counter: 6/2
UBI: image sequence number:  1160730077
UBI: background thread "ubi_bgt0d" started, PID 42
SPI020 init
Not for SPI pin mux
bus num = 1, chip select = 4
SPI010 gets DMA channel 1
DMA allocat buffer successfully!!
sg mem pa = 0x1080000, va = 0x81080000
Probe FTSSP010 SPI Controller at 0x91400000 (irq 11)
ehci_hcd: USB 2.0 'Enhanced' Host Controller (EHCI) Driver
FOTG2XX Controller Initialization
Enter Device A
Drive Vbus because of ID pin shows Device A
fotg210 fotg210.0: FOTG2XX
fotg210 fotg210.0: new USB bus registered, assigned bus number 1
fotg210 fotg210.0: irq 9, io mem 0x93000000
fotg210 fotg210.0: USB 2.0 started, EHCI 1.00
hub 1-0:1.0: USB hub found
hub 1-0:1.0: 1 port detected
i2c /dev entries driver
ftiic010 ftiic010.0: irq 18, mapped at 84860000
I2C hangs detection thread started!
sdhci: Secure Digital Host Controller Interface driver
sdhci: Copyright(c) Pierre Ossman
mmc0: SDHCI controller on ftsdc021.1 [ftsdc021.1] using ADMA -> clk: 100000000
sdhci-pltfm: SDHCI platform and OF driver helper
TCP cubic registered
NET: Registered protocol family 17
mmc0: card claims to support voltages below the defined range. These will be ignored.
mmc0: new high speed SDIO card at address 0001
UBIFS: mounted UBI device 0, volume 0, name "rootfs"
UBIFS: file system size:   4952064 bytes (4836 KiB, 4 MiB, 39 LEBs)
UBIFS: journal size:       1142785 bytes (1116 KiB, 1 MiB, 9 LEBs)
UBIFS: media format:       w4/r0 (latest is w4/r0)
UBIFS: default compressor: lzo
UBIFS: reserved for root:  0 bytes (0 KiB)
VFS: Mounted root (ubifs filesystem) on device 0:12.
devtmpfs: mounted
Freeing init memory: 96K
busybox: /linuxrc: Read-only file system
kernel.panic = 3
kernel.panic_on_oops = 1
kernel.panic = 3
vm.panic_on_oom = 1
 >>> START HUBBLE APPS SCRIPT <<<
Chip ID: 8135
>>>>> LOAD SYSTEM DRIVER <<<<<
WAIT FOR /tmp/gm_config_done ...
Goto disk mounting using 'ubifs' file system
UBIFS mounting ...!
================================
Mounting AP -> /usr/local ...
================================
MTD: mtd5 -> 5
/gm/bin/ubiattach -m 5 /dev/ubi_ctrl
UBI device number 1, total 160 LEBs (20316160 bytes, 19.4 MiB), available 0 LEBs (0 bytes), LEB size 126976 bytes (124.0 KiB)
Found attachment mtd5 -> ubi1
Found disk label -> 'usr'
Linked ubi1 -> mtd5 OK
mount -t ubifs -o ro,noatime ubi1:usr /usr/local
Mounted /usr/local OK!!!
UBIFS mounting ...!
================================
Mounting CA -> /mnt/cache ...
================================
MTD: mtd9 -> 9
/gm/bin/ubiattach -m 9 /dev/ubi_ctrl
UBI device number 2, total 632 LEBs (80248832 bytes, 76.5 MiB), available 0 LEBs (0 bytes), LEB size 126976 bytes (124.0 KiB)
Found attachment mtd9 -> ubi2
Found disk label -> 'CA'
Linked ubi2 -> mtd9 OK
mount -t ubifs -o rw,noatime ubi2:CA /mnt/cache
Mounted /mnt/cache OK!!!
UBIFS mounting ...!
================================
Mounting CO -> /mnt/config ...
================================
MTD: mtd6 -> 6
/gm/bin/ubiattach -m 6 /dev/ubi_ctrl
UBI device number 3, total 24 LEBs (3047424 bytes, 2.9 MiB), available 0 LEBs (0 bytes), LEB size 126976 bytes (124.0 KiB)
Found attachment mtd6 -> ubi3
Found disk label -> 'CO'
Linked ubi3 -> mtd6 OK
mount -t ubifs -o rw,noatime ubi3:CO /mnt/config
Mounted /mnt/config OK!!!
Do /mnt/config empty checking
 is OK
UBIFS mounting ...!
================================
Mounting FA -> /mnt/factory ...
================================
MTD: mtd7 -> 7
/gm/bin/ubiattach -m 7 /dev/ubi_ctrl
UBI device number 4, total 24 LEBs (3047424 bytes, 2.9 MiB), available 0 LEBs (0 bytes), LEB size 126976 bytes (124.0 KiB)
Found attachment mtd7 -> ubi4
Found disk label -> 'FA'
Linked ubi4 -> mtd7 OK
mount -t ubifs -o ro,noatime ubi4:FA /mnt/factory
Mounted /mnt/factory OK!!!
================================
Mouting /mnt/audio with ubifs ,output: ro,noatime
================================
================================
Mounting AU -> /mnt/audio ...
================================
Loading some config file to tmp directory
OS NETWORK MEM
MTD: mtd8 -> 8
/gm/bin/ubiattach -m 8 /dev/ubi_ctrl
net.core.wmem_max = 524288
net.core.rmem_max = 262144
net.core.wmem_default = 524288
net.core.rmem_default = 262144
Set TCP mem threshold
net.ipv4.tcp_mem = 153600 262144 524288
net.ipv4.tcp_wmem = 4096 153600 524288
net.ipv4.tcp_rmem = 4096 76800 262144
UDP mem threshold
net.ipv4.udp_mem = 4096 7314 49932
net.ipv4.udp_rmem_min = 4096
net.ipv4.udp_wmem_min = 49932
Init GPIO function & Init value
UBI device number 5, total 64 LEBs (8126464 bytes, 7.8 MiB), available 0 LEBs (0 bytes), LEB size 126976 bytes (124.0 KiB)
0
Found attachment mtd8 -> ubi5
Found disk label -> 'audio'
Linked ubi5 -> mtd8 OK
mount -t ubifs -o ro,noatime ubi5:audio /mnt/audio
MOUNTED /mnt/audio OK!!
1
Check HW version
HW version: 0 0 0
>>>> COPYING SYS CONFIG FILE <<<< 
cp -f /usr/local/etc/gmlib_720p.cfg /tmp/gmlib.cfg
cp -f /usr/local/etc/isp328_soih62.cfg /tmp/isp328_soih62.cfg
cp -f /usr/local/etc/isp328_soih62_night.cfg /tmp/isp328_soih62_night.cfg
Loopback interface ON
Run Dbus in background
SOME extra devmem command
FACTORY config OK!!!. Do CAM_DB loading
RUNNING DEMON SYSLOG
/usr/local/bin/app/cam_db
CamDB loaded /usr/local/system.conf successfully
CamDB loaded /mnt/factory/factory.conf successfully
CamDB loaded /usr/local/threshold.conf successfully
CamDB loaded /mnt/config/hubble_config/user.conf successfully
CamDB loaded /mnt/config/hubble_config/user1.conf successfully
/usr/local/bin/wifi_driver.sh station &
Install WIFI driver with adaptivity feature OFF
SENSOR: soih62 | RESOL: 720p
STARTING '/gm/bin/camera.sh'
>>>> FACTORY DRIVER LOADING<<<<
/usr/local/bin/vg_boot.sh soih62 NTSC 720p factory
Found 4 param
GM config dir '/tmp'
GM driver dir '/gm/modules'
----------------------------------------------------------------
ddr name: frammap0 
base: 0x1800000 
end: 0x3600000 
size: 0x1e00000 bytes
memory allocated: 0x0 bytes 
memory free: 0x1e00000 bytes 
max available slice: 0x1e00000 bytes
memory allocate count: 0 
clear address: 0x1800000 
dirty pages: 0 
clear pages: 7680 
size alignment: 0x1000 
[FW UPGRADE] In checking ...
Find nesscessary file using for FW upgarding
Start-TO-waitng VG boot ....
Pre system setting DONE
Without CVBS display
Up WIFI interface!!
vpd 573382 0 - Live 0x7f466000 (PO)
gs 195374 1 vpd, Live 0x7f42a000 (PO)
audio_drv 322642 0 - Live 0x7f3d6000 (O)
codec 220400 1 audio_drv, Live 0x7f39b000 (PO)
osd_dispatch 6836 1 vpd, Live 0x7f395000 (O)
fscaler300 224471 1 osd_dispatch, Live 0x7f357000 (O)
sw_osg 78040 1 vpd, Live 0x7f340000 (O)
fmjpeg_drv 43420 0 - Live 0x7f331000 (O)
favc_rc 29287 0 - Live 0x7f326000 (O)
favc_enc 147105 1 favc_rc, Live 0x7f2fd000 (O)
fmcp_drv 87162 2 fmjpeg_drv,favc_enc, Live 0x7f2e3000 (O)
vcap300_isp 5992 0 - Live 0x7f2de000 (O)
vcap0 1722 0 - Live 0x7f2da000 (O)
vcap300_common 311810 3 vpd,osd_dispatch,vcap300_isp, Live 0x7f286000 (O)
fisp_soih62 7272 0 - Live 0x7f281000 (O)
fisp_algorithm 104323 0 - Live 0x7f262000 (PO)
fisp328 167314 3 vcap300_isp,fisp_soih62,fisp_algorithm, Live 0x7f230000 (O)
ft3dnr200 92204 1 fisp328, Live 0x7f214000 (O)
adda308 28539 1 audio_drv, Live 0x7f209000 (O)
fe_common 5935 2 audio_drv,adda308, Live 0x7f204000 (O)
sar_adc 15068 0 - Live 0x7f1fc000 (O)
gm2d 17811 1 sw_osg, Live 0x7f1f4000 (O)
em 156179 8 vpd,gs,audio_drv,fscaler300,fmjpeg_drv,favc_enc,vcap300_common,ft3dnr200, Live 0x7f1c3000 (PO)
ms 136864 1 gs, Live 0x7f198000 (PO)
log 58639 12 vpd,gs,audio_drv,fscaler300,fmjpeg_drv,favc_rc,favc_enc,fmcp_drv,vcap300_common,ft3dnr200,em,ms, Live 0x7f181000 (O)
wlan 1269197 0 - Live 0x7f00e000 (O)
frammap 20338 11 vpd,audio_drv,fscaler300,sw_osg,favc_enc,fmcp_drv,vcap300_common,fisp328,ft3dnr200,gm2d,ms, Live 0x7f179000 (O)
cv2055spi 16498 0 - Live 0x7f005000
ftpwmtmr010 8163 0 - Live 0x7f000000 (O)
=========================================================================
; GM8135S Product Configuration
=========================================================================
  Chip Version: 81350001
  Video Front End: soih62
  Video Resol: 720p: 1280 x 720
=========================================================================
DONE '/gm/bin/camera.sh'
WAIT-FOR-VG boot DONE
Flush-out caching
echo 3 > /proc/sys/vm/drop_caches
Checking signature ...!!
/gm/bin/sig_SHA512_check /mnt/cache/fwupgrade/0335-03.30.26.fw.pkg /mnt/cache/fwupgrade/0335-03.30.26.sha512 >> /dev/null
[FW UPGRADE] Checking DONE! Found upgrading task
Done in '/etc/init.d/ubifs_automount.sh' . GOTO upgrading process!!!
Got FW upgrading command
There's main kernel
 ***found /mnt/cache/nightreboot.flag
Start FW upgrading script here!!!
Update FW packet location
found /tmp/fwupgrade
echo 3 > /proc/sys/vm/drop_caches
FW path: /mnt/cache/fwupgrade/0335-03.30.26.fw.pkg . Do De-cryption FW package
/tmp/gm/bin/aes_decrypt_full /mnt/cache/fwupgrade/0335-03.30.26.fw.pkg
Output file name: /mnt/cache/fwupgrade/0335-03.30.26.tar.gz
Decrypted FW pkg OK!!!
create /mnt/cache/fw_decrypted.flag
Replace FW path: /mnt/cache/fwupgrade/0335-03.30.26.tar.gz
Blink LED for FW upgrading progress
echo 3 > /proc/sys/vm/drop_caches
monitoring memory after drop cache
MemTotal:          61276 kB
MemFree:           20932 kB
Buffers:               0 kB
Cached:             1932 kB
SwapCached:            0 kB
Active:             1352 kB
Inactive:           1208 kB
Active(anon):        764 kB
Inactive(anon):     1184 kB
Active(file):        588 kB
Inactive(file):       24 kB
Unevictable:           0 kB
Mlocked:               0 kB
SwapTotal:             0 kB
SwapFree:              0 kB
Dirty:                 0 kB
Writeback:             0 kB
AnonPages:           660 kB
Mapped:              748 kB
Shmem:              1308 kB
Slab:               4768 kB
SReclaimable:        500 kB
SUnreclaim:         4268 kB
KernelStack:         736 kB
PageTables:          108 kB
NFS_Unstable:          0 kB
Bounce:                0 kB
WritebackTmp:          0 kB
CommitLimit:       30636 kB
Committed_AS:       3280 kB
VmallocTotal:    2007040 kB
VmallocUsed:       13712 kB
VmallocChunk:    1971568 kB
Do extract pre handler script
tar -zxvf /mnt/cache/fwupgrade/0335-03.30.26.tar.gz pre_upgrade.sh -C /tmp/fwupgrade
pre_upgrade.sh
ls -la /tmp/fwupgrade
drwxr-xr-x    2 root     root            60 Jan  1 07:00 .
drwxrwxrwx    4 root     root           280 Jan  1 07:00 ..
-rwxr-xr-x    1 root     root          1949 Aug 19  2019 pre_upgrade.sh
monitoring memory
MemTotal:          61276 kB
MemFree:            6864 kB
Buffers:               0 kB
Cached:            16028 kB
SwapCached:            0 kB
Active:             1384 kB
Inactive:          15284 kB
Active(anon):        768 kB
Inactive(anon):     1184 kB
Active(file):        616 kB
Inactive(file):    14100 kB
Unevictable:           0 kB
Mlocked:               0 kB
SwapTotal:             0 kB
SwapFree:              0 kB
Dirty:                 0 kB
Writeback:             0 kB
AnonPages:           660 kB
Mapped:              748 kB
Shmem:              1312 kB
Slab:               4748 kB
SReclaimable:        492 kB
SUnreclaim:         4256 kB
KernelStack:         736 kB
PageTables:          108 kB
NFS_Unstable:          0 kB
Bounce:                0 kB
WritebackTmp:          0 kB
CommitLimit:       30636 kB
Committed_AS:       3284 kB
VmallocTotal:    2007040 kB
VmallocUsed:       13712 kB
VmallocChunk:    1971568 kB
Execute pre handler script
Execute /tmp/fwupgrade/pre_upgrade.sh
>>>> Pre-Upgrading ... <<<<<
Check CV2055 upgrading
No found CV2055 binrary, skip cv2055 upgrade
Kill apps in /usr/local/bin
pkill -9 521
/tmp/fwupgrade/pre_upgrade.sh DONE!!!
excute pre_upgrade.sh done
rm -f /tmp/fwupgrade/pre_upgrade.sh
tar -zxvf /mnt/cache/fwupgrade/0335-03.30.26.tar.gz version.txt -C /tmp/fwupgrade
version.txt
>>>> STARTING UPDRADE APPS/CONFIG <<<<<<<<
Raise upgrading flag here
Do upgrading AP|usr_ubifs.img
tar -zxvf /mnt/cache/fwupgrade/0335-03.30.26.tar.gz usr_ubifs.img -C /tmp/fwupgrade
usr_ubifs.img
ls -la /tmp/fwupgrade
drwxr-xr-x    2 root     root            80 Jan  1 07:01 .
drwxrwxrwx    4 root     root           300 Jan  1 07:01 ..
-rw-r--r--    1 root     root       9015296 Aug 19  2019 usr_ubifs.img
-rw-r--r--    1 root     root            40 Aug 19  2019 version.txt
monitoring memory
MemTotal:          61276 kB
MemFree:            1304 kB
Buffers:               0 kB
Cached:            21632 kB
SwapCached:            0 kB
Active:             7260 kB
Inactive:          14892 kB
Active(anon):       1264 kB
Inactive(anon):     9400 kB
Active(file):       5996 kB
Inactive(file):     5492 kB
Unevictable:           0 kB
Mlocked:               0 kB
SwapTotal:             0 kB
SwapFree:              0 kB
Dirty:                 0 kB
Writeback:             0 kB
AnonPages:           544 kB
Mapped:              568 kB
Shmem:             10140 kB
Slab:               4864 kB
SReclaimable:        616 kB
SUnreclaim:         4248 kB
KernelStack:         728 kB
PageTables:           96 kB
NFS_Unstable:          0 kB
Bounce:                0 kB
WritebackTmp:          0 kB
CommitLimit:       30636 kB
Committed_AS:      11788 kB
VmallocTotal:    2007040 kB
VmallocUsed:       13712 kB
VmallocChunk:    1971568 kB
kill syslogd
Extracted /tmp/fwupgrade/usr_ubifs.img OK !!!!
Found /usr/local is mounted on /dev/ubi1_0
UN-mounting /usr/local ...
/tmp/gm/bin/busybox umount /usr/local
raise recovery flag
Nand flash 
Read 0x4000 bytes at 0x40000 on /dev/mtd1
ENV CRC a18bb603
READ CRC a18bb603
Writing new environment at 0x40000 on /dev/mtd1
Nand flash 
Read 0x20000 bytes at 0x40000 on /dev/mtd1
Preserving data 0x4000 - 0x1ffff
Write 0x20000 bytes at 0x40000
/tmp/gm/bin/ubiupdatevol /dev/ubi1_0 /tmp/fwupgrade/usr_ubifs.img
clear recovery flag
Nand flash 
Read 0x4000 bytes at 0x40000 on /dev/mtd1
ENV CRC 5f8d4453
READ CRC 5f8d4453
Writing new environment at 0x40000 on /dev/mtd1
Nand flash 
Read 0x20000 bytes at 0x40000 on /dev/mtd1
Preserving data 0x4000 - 0x1ffff
Write 0x20000 bytes at 0x40000
flush data to disk
rm -f /tmp/fwupgrade/usr_ubifs.img
Upgraded AP|usr_ubifs.img -> /usr/local DONE!!!
Do upgrading CO|config.tar.gz
tar -zxvf /mnt/cache/fwupgrade/0335-03.30.26.tar.gz config.tar.gz -C /tmp/fwupgrade
config.tar.gz
ls -la /tmp/fwupgrade
drwxr-xr-x    2 root     root            80 Jan  1 07:01 .
drwxrwxrwx    4 root     root           300 Jan  1 07:01 ..
-rw-r--r--    1 root     root        180561 Aug 19  2019 config.tar.gz
-rw-r--r--    1 root     root            40 Aug 19  2019 version.txt
monitoring memory
MemTotal:          61276 kB
MemFree:            6884 kB
Buffers:               0 kB
Cached:            16192 kB
SwapCached:            0 kB
Active:            11892 kB
Inactive:           4764 kB
Active(anon):        648 kB
Inactive(anon):     1336 kB
Active(file):      11244 kB
Inactive(file):     3428 kB
Unevictable:           0 kB
Mlocked:               0 kB
SwapTotal:             0 kB
SwapFree:              0 kB
Dirty:                 0 kB
Writeback:             0 kB
AnonPages:           484 kB
Mapped:              564 kB
Shmem:              1520 kB
Slab:               4944 kB
SReclaimable:        612 kB
SUnreclaim:         4332 kB
KernelStack:         720 kB
PageTables:           84 kB
NFS_Unstable:          0 kB
Bounce:                0 kB
WritebackTmp:          0 kB
CommitLimit:       30636 kB
Committed_AS:       2968 kB
VmallocTotal:    2007040 kB
VmallocUsed:       13576 kB
VmallocChunk:    1971568 kB
kill syslogd
killall: syslogd: no process killed
Extracted /tmp/fwupgrade/config.tar.gz OK !!!!
mount -t ubifs -o remount,rw /mnt/config
Extracting config.tar.gz to /mnt/config ...
tar zxvf /tmp/fwupgrade/config.tar.gz -C /mnt/config
hostapd.conf
hubble_config/
hubble_config/certs.pem
hubble_config/smartconfig
hubble_config/dummy
ssl/
ssl/certs/
ssl/certs/hubble.in.pem
syslog.conf
udhcpd.conf
wpa.conf.default
wpa_supplicant.conf
Updated config.tar.gz successfully!!!
rm -f /tmp/fwupgrade/config.tar.gz
Upgraded CO|config.tar.gz -> /mnt/config DONE!!!
Do post_upgrade.sh handling
tar -zxvf /mnt/cache/fwupgrade/0335-03.30.26.tar.gz post_upgrade.sh -C /tmp/fwupgrade
post_upgrade.sh
ls -la /tmp/fwupgrade
drwxr-xr-x    2 root     root            80 Jan  1 07:01 .
drwxrwxrwx    4 root     root           300 Jan  1 07:01 ..
-rwxr-xr-x    1 root     root            56 Aug 19  2019 post_upgrade.sh
-rw-r--r--    1 root     root            40 Aug 19  2019 version.txt
Execute /tmp/fwupgrade/post_upgrade.sh
 >>>> Post upgrade script <<<<<
excute post_upgrade.sh done
rm -f /tmp/fwupgrade/post_upgrade.sh
>>>> STARTING UPDRADE UBOOT/KERNEL/RECOVERY <<<<<<<<
Name: uboot_nand.bin , pkg_ver: 6 , sys_ver: 6
Get data failure. SysVer: '0000'
Name: kernel.bin , pkg_ver: 2 , sys_ver: 2
Get data failure. SysVer: '0000'
Name: recovery.bin , pkg_ver: 4 , sys_ver: 4
Name: rootfs_ubifs.img , pkg_ver: 4 , sys_ver: 4
Finish FW Upgrade
FW Upgrade successfully
Kernel Upgraded so need to reboot
FW upgrade OK!!!!
 CLEAN UPGRADING PACKAGE
umount: can't remount tmpfs read-only
 CLEAN ALL PACKAGE
The system is going down NOW!
Sent SIGTERM to all processes
Sent SIGKILL to all processes
Requesting system reboot
Restarting system.
0GM8135S go.��mode 4
SPI NAND ID code:0xc8 0xd1 0xc8
MP SPI-NAND Bootstrap HubbleGM8135s v0.1
Boot image offset: 0x40000. size: 0x60000. Load Image and Booting .....


U-Boot 2013.01 (Dec 10 2018 - 11:44:12)

I2C:   ready
GPIO:   reg:90c000b8=ffefb77e
reg:90c00028=2015020
reg:90c000b8=ffecb77e
reg:90c0005c=0
ready
DRAM:  64 MiB
ROM CODE has enable I cache
SPI NAND mode

NAND:  SPI020 div 8
ID = 0xc8,0xd1,0xc8,0xd1
128 MiB
nna1hc: readenv at CONFIG_ENV_OFFSET = 0x80000 
nna1hc: env_import env_crc[] = 0x3 0xb6 0x8b 0xa1 
nna1hc: env_import env_data[] = boot... 
## Error: flags type check failure for "ethaddr" <= "00 : 42 : 70 : 00 : 30 : 22" (type: m)
himport_r: can't insert "ethaddr=00 : 42 : 70 : 00 : 30 : 22" into hash table
In:    serial
Out:   serial
Err:   serial

-------------------------------
ID: 8136110
AC: 200  HC: 200  P1: 712  P2: 600  P3: 540
C6: 712  DR: 950
J: 237   H1: 237
-------------------------------
Net:   No ethernet found.
UBOOT: FIXED MISMATCH ENV VARIABLE v2.6
Hit any key to stop autoboot:  0 
Normal U-boot loading

NAND read: image addr = 0xa0000, size = 0x200000
device 0 offset 0xa0000, size 0x200000
 2097152 bytes read: OK
## Booting kernel from Legacy Image at 02000000 ...
   Image Name:   gm8135
   Image Type:   ARM Linux Kernel Image (uncompressed)
   Data Size:    1914424 Bytes = 1.8 MiB
   Load Address: 02000000
   Entry Point:  02000040
   Verifying Checksum ... OK
   XIP Kernel Image ... OK
OK
Not define this ID
: mem=64M gmmem=30M console=ttyS0,115200 user_debug=31 init=/squashfs_init ubi.mtd=4 root=ubi0:rootfs rootfstype=ubifs

Starting kernel ...

Uncompressing Linux... done, booting the kernel.
Booting Linux on physical CPU 0
Linux version 3.3.0 (giann@giann) (gcc version 4.4.0 20100318 (experimental) (Buildroot 2012.02) ) #1 PREEMPT Thu Oct 25 16:31:01 +07 2018
CPU: FA6 [66056263] revision 3 (ARMv5TE), cr=0000397f
CPU VIPT aliasing data cache, VIPT aliasing instruction cache
Machine: Grain-Media GM8136 series
Memory policy: ECC disabled, Data cache writeback
Built 1 zonelists in Zone order, mobility grouping on.  Total pages: 16256
Kernel command line: mem=64M gmmem=30M console=ttyS0,115200 user_debug=31 init=/squashfs_init ubi.mtd=4 root=ubi0:rootfs rootfstype=ubifs
PID hash table entries: 256 (order: -2, 1024 bytes)
Dentry cache hash table entries: 8192 (order: 3, 32768 bytes)
Inode-cache hash table entries: 4096 (order: 2, 16384 bytes)
Memory: 64MB = 64MB total
Memory: 61180k/61180k available, 4356k reserved, 0K highmem
Virtual kernel memory layout:
    vector  : 0xffff0000 - 0xffff1000   (   4 kB)
    fixmap  : 0xfff00000 - 0xfffe0000   ( 896 kB)
    vmalloc : 0x84800000 - 0xff000000   (1960 MB)
    lowmem  : 0x80000000 - 0x84000000   (  64 MB)
    modules : 0x7f000000 - 0x80000000   (  16 MB)
      .text : 0x80008000 - 0x80366a24   (3451 kB)
      .init : 0x80367000 - 0x8037f000   (  96 kB)
      .data : 0x80380000 - 0x8039b060   ( 109 kB)
       .bss : 0x8039b084 - 0x803a80d0   (  53 kB)
NR_IRQS:64
gm_jiffies_init, system HZ: 100, pClk: 100000000 
console [ttyS0] enabled
Calibrating delay loop... 709.42 BogoMIPS (lpj=3547136)
pid_max: default: 32768 minimum: 301
Mount-cache hash table entries: 512
CPU: Testing write buffer coherency: ok
Setting up static identity map for 0x294350 - 0x294398
devtmpfs: initialized
FMEM: 7680 pages(0x1e00000 bytes) from bank0 are reserved for Frammap. 
FMEM: Logical memory ends up at 0x84000000, init_mm:0x80004000(0x4000), PAGE_OFFSET:0x80000000(0x0), 
FMEM: FA726 Test and Debug Register: 0x0 
NET: Registered protocol family 16
PMU: Mapped at 0xfe000000 
IC: GM8135, version: 0x1 
FMEM Idle Process Up. 
iotable: VA: 0xfe000000, PA: 0x90c00000, Length: 4096 
iotable: VA: 0xfe001000, PA: 0x90700000, Length: 4096 
iotable: VA: 0xfe002000, PA: 0x90800000, Length: 4096 
iotable: VA: 0xfe003000, PA: 0x90900000, Length: 4096 
iotable: VA: 0xfe004000, PA: 0x90d00000, Length: 4096 
iotable: VA: 0xfe005000, PA: 0x96000000, Length: 4096 
bio: create slab <bio-0> at 0
usbcore: registered new interface driver usbfs
usbcore: registered new interface driver hub
usbcore: registered new device driver usb
Switching to clocksource fttmr010:1
cfg80211: Calling CRDA to update world regulatory domain
NET: Registered protocol family 2
IP route cache hash table entries: 1024 (order: 0, 4096 bytes)
TCP established hash table entries: 2048 (order: 2, 16384 bytes)
TCP bind hash table entries: 2048 (order: 1, 8192 bytes)
TCP: Hash tables configured (established 2048 bind 2048)
TCP reno registered
UDP hash table entries: 256 (order: 0, 4096 bytes)
UDP-Lite hash table entries: 256 (order: 0, 4096 bytes)
NET: Registered protocol family 1
Video Timer(timer3) Max 42000ms in 0xfa56ea00 HZ.
ftdmac020 ftdmac020.0: DMA engine driver: irq 1, mapped at 0x84804000
GM CPU frequency driver
CPUFREQ support for gm initialized
squashfs: version 4.0 (2009/01/31) Phillip Lougher
msgmni has been set to 119
io scheduler noop registered
io scheduler deadline registered
io scheduler cfq registered (default)
gpiochip_add: registered GPIOs 0 to 31 on device: ftgpio010.0
probe ftgpio010.0 OK, at 0x84806000
gpiochip_add: registered GPIOs 32 to 63 on device: ftgpio010.1
probe ftgpio010.1 OK, at 0x84808000
Serial: 8250/16550 driver, 4 ports, IRQ sharing disabled
serial8250: ttyS0 at I/O 0xfe001000 (irq = 21) is a 16550A
serial8250: ttyS1 at I/O 0xfe002000 (irq = 22) is a 16550A
serial8250: ttyS2 at I/O 0xfe003000 (irq = 25) is a 16550A
brd: module loaded
loop: module loaded
SPI-NAND reg mapping to addr = 0x8480a000, phy = 0x92300000
NAND data port mapping to addr = 0x8480a100
CLK scu div 6, spi div 1, clock = 21428571Hz
NAND: Scan Channel 0...
NAND device: Manufacturer ID: 0xc8, Chip ID: 0xd1 (SPI-NAND NAND 128MiB 3,3V 8-bit)
NAND: Scan Channel finish, chipnum = 1
use AHB DMA mode
Nand get DMA channel 0
NAND: read system header
Hubble: Avaliable OOB is 48 byte.
NAND Chip: oobsize:0x40, pagesize:0x800, blocksize:0x20000, chipsize:0x8000000
Scanning device for bad blocks
Bad eraseblock 1023 at 0x000007fe0000
Creating 10 MTD partitions on "NAND 128MiB 3,3V 8-bit":
0x000000020000-0x000000040000 : "NSBOOT"
0x000000040000-0x0000000a0000 : "UB.0006"
0x0000000a0000-0x0000002a0000 : "KE.0002"
0x000000300000-0x000000600000 : "RE.0004"
0x000000600000-0x000000d00000 : "RO.0004"
0x000000d00000-0x000002100000 : "APPS"
0x000002100000-0x000002400000 : "CONFIG"
0x000002400000-0x000002700000 : "FACTORY"
0x000002700000-0x000002f00000 : "AU.0001"
0x000002f00000-0x000007e00000 : "CACHE"
UBI: attaching mtd4 to ubi0
UBI: physical eraseblock size:   131072 bytes (128 KiB)
UBI: logical eraseblock size:    126976 bytes
UBI: smallest flash I/O unit:    2048
UBI: VID header offset:          2048 (aligned 2048)
UBI: data offset:                4096
UBI: max. sequence number:       97
UBI: attached mtd4 to ubi0
UBI: MTD device name:            "RO.0004"
UBI: MTD device size:            7 MiB
UBI: number of good PEBs:        56
UBI: number of bad PEBs:         0
UBI: number of corrupted PEBs:   0
UBI: max. allowed volumes:       128
UBI: wear-leveling threshold:    4096
UBI: number of internal volumes: 1
UBI: number of user volumes:     1
UBI: available PEBs:             0
UBI: total number of reserved PEBs: 56
UBI: number of PEBs reserved for bad PEB handling: 2
UBI: max/mean erase counter: 6/2
UBI: image sequence number:  1160730077
UBI: background thread "ubi_bgt0d" started, PID 42
SPI020 init
Not for SPI pin mux
bus num = 1, chip select = 4
SPI010 gets DMA channel 1
DMA allocat buffer successfully!!
sg mem pa = 0x1080000, va = 0x81080000
Probe FTSSP010 SPI Controller at 0x91400000 (irq 11)
ehci_hcd: USB 2.0 'Enhanced' Host Controller (EHCI) Driver
FOTG2XX Controller Initialization
Enter Device A
Drive Vbus because of ID pin shows Device A
fotg210 fotg210.0: FOTG2XX
fotg210 fotg210.0: new USB bus registered, assigned bus number 1
fotg210 fotg210.0: irq 9, io mem 0x93000000
fotg210 fotg210.0: USB 2.0 started, EHCI 1.00
hub 1-0:1.0: USB hub found
hub 1-0:1.0: 1 port detected
i2c /dev entries driver
ftiic010 ftiic010.0: irq 18, mapped at 84860000
I2C hangs detection thread started!
sdhci: Secure Digital Host Controller Interface driver
sdhci: Copyright(c) Pierre Ossman
mmc0: SDHCI controller on ftsdc021.1 [ftsdc021.1] using ADMA -> clk: 100000000
sdhci-pltfm: SDHCI platform and OF driver helper
TCP cubic registered
NET: Registered protocol family 17
mmc0: card claims to support voltages below the defined range. These will be ignored.
mmc0: new high speed SDIO card at address 0001
UBIFS: mounted UBI device 0, volume 0, name "rootfs"
UBIFS: file system size:   4952064 bytes (4836 KiB, 4 MiB, 39 LEBs)
UBIFS: journal size:       1142785 bytes (1116 KiB, 1 MiB, 9 LEBs)
UBIFS: media format:       w4/r0 (latest is w4/r0)
UBIFS: default compressor: lzo
UBIFS: reserved for root:  0 bytes (0 KiB)
VFS: Mounted root (ubifs filesystem) on device 0:12.
devtmpfs: mounted
Freeing init memory: 96K
busybox: /linuxrc: Read-only file system
kernel.panic = 3
kernel.panic_on_oops = 1
kernel.panic = 3
vm.panic_on_oom = 1
 >>> START HUBBLE APPS SCRIPT <<<
Chip ID: 8135
>>>>> LOAD SYSTEM DRIVER <<<<<
WAIT FOR /tmp/gm_config_done ...
Goto disk mounting using 'ubifs' file system
UBIFS mounting ...!
================================
Mounting AP -> /usr/local ...
================================
MTD: mtd5 -> 5
/gm/bin/ubiattach -m 5 /dev/ubi_ctrl
UBI device number 1, total 160 LEBs (20316160 bytes, 19.4 MiB), available 0 LEBs (0 bytes), LEB size 126976 bytes (124.0 KiB)
Found attachment mtd5 -> ubi1
Found disk label -> 'usr'
Linked ubi1 -> mtd5 OK
mount -t ubifs -o ro,noatime ubi1:usr /usr/local
Mounted /usr/local OK!!!
UBIFS mounting ...!
================================
Mounting CA -> /mnt/cache ...
================================
MTD: mtd9 -> 9
/gm/bin/ubiattach -m 9 /dev/ubi_ctrl
UBI device number 2, total 632 LEBs (80248832 bytes, 76.5 MiB), available 0 LEBs (0 bytes), LEB size 126976 bytes (124.0 KiB)
Found attachment mtd9 -> ubi2
Found disk label -> 'CA'
Linked ubi2 -> mtd9 OK
mount -t ubifs -o rw,noatime ubi2:CA /mnt/cache
Mounted /mnt/cache OK!!!
UBIFS mounting ...!
================================
Mounting CO -> /mnt/config ...
================================
MTD: mtd6 -> 6
/gm/bin/ubiattach -m 6 /dev/ubi_ctrl
UBI device number 3, total 24 LEBs (3047424 bytes, 2.9 MiB), available 0 LEBs (0 bytes), LEB size 126976 bytes (124.0 KiB)
Found attachment mtd6 -> ubi3
Found disk label -> 'CO'
Linked ubi3 -> mtd6 OK
mount -t ubifs -o rw,noatime ubi3:CO /mnt/config
Mounted /mnt/config OK!!!
Do /mnt/config empty checking
 is OK
UBIFS mounting ...!
================================
Mounting FA -> /mnt/factory ...
================================
MTD: mtd7 -> 7
/gm/bin/ubiattach -m 7 /dev/ubi_ctrl
UBI device number 4, total 24 LEBs (3047424 bytes, 2.9 MiB), available 0 LEBs (0 bytes), LEB size 126976 bytes (124.0 KiB)
Found attachment mtd7 -> ubi4
Found disk label -> 'FA'
Linked ubi4 -> mtd7 OK
mount -t ubifs -o ro,noatime ubi4:FA /mnt/factory
Mounted /mnt/factory OK!!!
================================
Mouting /mnt/audio with ubifs ,output: ro,noatime
================================
================================
Mounting AU -> /mnt/audio ...
================================
Loading some config file to tmp directory
OS NETWORK MEM
net.core.wmem_max = 524288
MTD: mtd8 -> 8
net.core.rmem_max = 262144
/gm/bin/ubiattach -m 8 /dev/ubi_ctrl
net.core.wmem_default = 524288
net.core.rmem_default = 262144
Set TCP mem threshold
net.ipv4.tcp_mem = 153600 262144 524288
net.ipv4.tcp_wmem = 4096 153600 524288
net.ipv4.tcp_rmem = 4096 76800 262144
UDP mem threshold
net.ipv4.udp_mem = 4096 7314 49932
net.ipv4.udp_rmem_min = 4096
net.ipv4.udp_wmem_min = 49932
Init GPIO function & Init value
UBI device number 5, total 64 LEBs (8126464 bytes, 7.8 MiB), available 0 LEBs (0 bytes), LEB size 126976 bytes (124.0 KiB)
0
Found attachment mtd8 -> ubi5
Found disk label -> 'audio'
Linked ubi5 -> mtd8 OK
mount -t ubifs -o ro,noatime ubi5:audio /mnt/audio
MOUNTED /mnt/audio OK!!
1
Check HW version
HW version: 0 0 0
>>>> COPYING SYS CONFIG FILE <<<< 
cp -f /usr/local/etc/gmlib_720p.cfg /tmp/gmlib.cfg
cp -f /usr/local/etc/isp328_soih62.cfg /tmp/isp328_soih62.cfg
cp -f /usr/local/etc/isp328_soih62_night.cfg /tmp/isp328_soih62_night.cfg
Loopback interface ON
Run Dbus in background
SOME extra devmem command
FACTORY config OK!!!. Do CAM_DB loading
RUNNING DEMON SYSLOG
/usr/local/bin/app/cam_db
CamDB loaded /usr/local/system.conf successfully
CamDB loaded /mnt/factory/factory.conf successfully
CamDB loaded /usr/local/threshold.conf successfully
CamDB loaded /mnt/config/hubble_config/user.conf successfully
CamDB loaded /mnt/config/hubble_config/user1.conf successfully
/usr/local/bin/wifi_driver.sh station &
Install WIFI driver with adaptivity feature OFF
SENSOR: soih62 | RESOL: 720p
STARTING '/gm/bin/camera.sh'
>>>> FACTORY DRIVER LOADING<<<<
/usr/local/bin/vg_boot.sh soih62 NTSC 720p factory
Found 4 param
[FW UPGRADE] In checking ...
Find nesscessary file using for FW upgarding
Can not find FW packet /mnt/cache/fwupgrade/hubble_ota_pkg
GM config dir '/tmp'
GM driver dir '/gm/modules'
1. CLEAR FWUPGRADE SOURCE
CHECK IT NEXT FW DOWNLOADING AFTER NIGHT REBOOT
No FW upgrading
[AUDIOFS UPGRADE] In checking ...
Pre system setting DONE
Not find /mnt/cache/audio_upgrade_reboot.flag. Do nothing with upgrade checking
No FW upgrading
Check external bootup script
Can not find USER profile scripts
----------------------------------------------------------------
ddr name: frammap0 
base: 0x1800000 
end: 0x3600000 
size: 0x1e00000 bytes
memory allocated: 0x0 bytes 
memory free: 0x1e00000 bytes 
max available slice: 0x1e00000 bytes
memory allocate count: 0 
clear address: 0x1800000 
dirty pages: 0 
clear pages: 7680 
size alignment: 0x1000 
Up WIFI interface!!
Without CVBS display
>>>> Goto normal booting <<<<<
Press 'y' or 'Y' to enter test mode:
Not handle ''
SAVE/RECORD BOOTUP LOG
/mnt/cache is a mountpoint
3 -> Do extra shell command
/usr/local/bin/misc_devmem.sh ext_normal &
Start bootup script ...
kernel.panic = 3
kernel.panic_on_oops = 1
kernel.panic = 3
vm.panic_on_oom = 0
Do normal bootup !!!
>>>>> init gpio 45 : 0ff <<<<
NOT FOUND SHELL FLAG /usr/local/etc/factory_flag . GOTO login session
BOOTUP_IN_RC_LOCAL_DONE!!!
>>>>>>>> HUBBLE FW STARTUP <<<<<<<<
STATING /usr/local/bin/hubble_app_startup.sh ...

Welcome to halo (armv5tel-Linux-3.3.0@/dev/ttyS0/b)
Grain Media ARM Linux 3.3

Copyright (C) 2005 Faraday Corp. <www.faraday.com.tw>
Released under GNU GPL

halo login: CamDB loaded /usr/local/system.conf successfully
CamDB loaded /mnt/factory/factory.conf successfully
CamDB loaded /usr/local/threshold.conf successfully
CamDB loaded /mnt/config/hubble_config/user.conf successfully
CamDB loaded /mnt/config/hubble_config/user1.conf successfully
>>> CREATE MEDIA DOWNLOADABLE FOLDER <<<<
>>> WAIT SENSOR INIT <<<<
vpd 573382 0 - Live 0x7f466000 (PO)
gs 195374 1 vpd, Live 0x7f42a000 (PO)
audio_drv 322642 0 - Live 0x7f3d6000 (O)
codec 220400 1 audio_drv, Live 0x7f39b000 (PO)
osd_dispatch 6836 1 vpd, Live 0x7f395000 (O)
fscaler300 224471 1 osd_dispatch, Live 0x7f357000 (O)
sw_osg 78040 1 vpd, Live 0x7f340000 (O)
fmjpeg_drv 43420 0 - Live 0x7f331000 (O)
favc_rc 29287 0 - Live 0x7f326000 (O)
favc_enc 147105 1 favc_rc, Live 0x7f2fd000 (O)
fmcp_drv 87162 2 fmjpeg_drv,favc_enc, Live 0x7f2e3000 (O)
vcap300_isp 5992 0 - Live 0x7f2de000 (O)
vcap0 1722 0 - Live 0x7f2da000 (O)
vcap300_common 311810 3 vpd,osd_dispatch,vcap300_isp, Live 0x7f286000 (O)
fisp_soih62 7272 0 - Live 0x7f281000 (O)
fisp_algorithm 104323 0 - Live 0x7f262000 (PO)
fisp328 167314 3 vcap300_isp,fisp_soih62,fisp_algorithm, Live 0x7f230000 (O)
ft3dnr200 92204 1 fisp328, Live 0x7f214000 (O)
adda308 28539 1 audio_drv, Live 0x7f209000 (O)
fe_common 5935 2 audio_drv,adda308, Live 0x7f204000 (O)
sar_adc 15068 0 - Live 0x7f1fc000 (O)
gm2d 17811 1 sw_osg, Live 0x7f1f4000 (O)
em 156179 8 vpd,gs,audio_drv,fscaler300,fmjpeg_drv,favc_enc,vcap300_common,ft3dnr200, Live 0x7f1c3000 (PO)
ms 136864 1 gs, Live 0x7f198000 (PO)
log 58639 12 vpd,gs,audio_drv,fscaler300,fmjpeg_drv,favc_rc,favc_enc,fmcp_drv,vcap300_common,ft3dnr200,em,ms, Live 0x7f181000 (O)
frammap 20338 11 vpd,audio_drv,fscaler300,sw_osg,favc_enc,fmcp_drv,vcap300_common,fisp328,ft3dnr200,gm2d,ms, Live 0x7f179000 (O)
wlan 1269197 0 - Live 0x7f00e000 (O)
cv2055spi 16498 0 - Live 0x7f005000
ftpwmtmr010 8163 0 - Live 0x7f000000 (O)
=========================================================================
; GM8135S Product Configuration
=========================================================================
  Chip Version: 81350001
  Video Front End: soih62
  Video Resol: 720p: 1280 x 720
=========================================================================
DONE '/gm/bin/camera.sh'
>>>>> START CAM MEDIA APP <<<<<
START HTTP APP
Support unsecure httpd for factory environment
START CAM HARDWARE APP
Camera udid : 010335000AE22FFFD5BPJGSAGE
init_hubble : pthread_create
ret=2 - +07.00
WAIT LED_EVENT===
killall: hostapd: no process killed
killall: udhcpd: no process killed
killall: stun_bridge: no process killed
killall: udhcpc: no process killed
killall: wpa_supplicant: no process killed
killall: wpa_cli: no process killed
killall: dnsmasq: no process killed
echo 100 > /proc/isp328/ae/min_exp
/usr/local/bin/hubble_app_startup.sh DONE!!!
ioctl[SIOCSIWAP]: Operation not permitted
killall: udhcpc: no process killed
udhcpc (v1.19.4) started
Sending discover...
Sending select for 192.168.13.44...
Lease of 192.168.13.44 obtained, lease time 86400
deleting routers
route: SIOCDELRT: No such process
adding dns 8.8.8.8
adding dns 192.168.13.1
RUN NTP script here!!
Found ntp.hubble.in on sever config. Will use it as sys_url
Run NTP apps with list of server
+++++++++++++ Hublization Network connected 29 +++++++++++++++++++++++++++++++
Mon Sep 23 11:37:35 GMT-7 2019
killall: bootupquerry: no process killed
>>>>>>>> Backup user config  <<<<<<<<<<
WAIT LED_EVENT===
killall: mqtts_client: no process killed
WAIT LED_EVENT===
killall: m2m: no process killed
WAIT LED_EVENT===
SessionID = DLIJPITDVSQ2H1R59BJR Success
ntpd: setting clock to Mon Sep 23 11:37:49 GMT-7 2019 (offset 1.215549s)
NTP with 'ntp.hubble.in' OK!!!
[ 9-23 11:38:37 ]host process is allive
[ 9-23 11:39:37 ]host process is allive
[ 9-23 11:40:37 ]host process is allive
[ 9-23 11:41:37 ]host process is allive
[ 9-23 11:42:37 ]host process is allive

CTRL-A Z for help | 115200 8N1 | NOR | Minicom 2.7.1 | VT102 | Offline | ttyUSB0                                                                                              

